
> erp-factory@1.0.0 build
> next build

Γû▓ Next.js 16.1.6 (Turbopack)
- Environments: .env

  Creating an optimized production build ...
Γ£ô Compiled successfully in 1713.6ms
  Running TypeScript ...
node.exe : Failed to compile.
At line:1 char:1
+ & "C:\Program Files\nodejs/node.exe" "C:\Program Files\nodejs/node_mo ...
+ ~~~~~~~~~~~~~~~~~~~~~~~~~~~~~~~~~~~~~~~~~~~~~~~~~~~~~~~~~~~~~~~~~~~~~
    + CategoryInfo          : NotSpecified: (Failed to compile.:String) [], Re 
   moteException
    + FullyQualifiedErrorId : NativeCommandError
 

./components/app-sidebar.tsx:11:3
Type error: 'AlertCircle' is declared but its value is never read.

[0m [90m  9 |[39m   [33mShoppingCart[39m[33m,[39m
 [90m 10 |[39m   [33mSettings[39m[33m,[39m
[31m[1m>[22m[39m[90m 11 |[39m   [33mAlertCircle[39m[33m,[39m
 [90m    |[39m   [31m[1m^[22m[39m
 [90m 12 |[39m } [36mfrom[39m [32m"lucide-react"[39m
 [90m 13 |[39m
 [90m 14 |[39m [36mimport[39m {[0m
Next.js build worker exited with code: 1 and signal: null
